// Jest Snapshot v1, https://goo.gl/fbAQLP

exports[`<Head /> should render correctly 1`] = `
<Head>
  <HelmetWrapper
    defer={true}
    encodeSpecialCharacters={true}
  >
    <SideEffect(NullComponent)
      defer={true}
      encodeSpecialCharacters={true}
      title="Testing environment"
      titleAttributes={Object {}}
    >
      <NullComponent
        defer={true}
        encodeSpecialCharacters={true}
        title="Testing environment"
        titleAttributes={Object {}}
      />
    </SideEffect(NullComponent)>
  </HelmetWrapper>
</Head>
`;
