// Jest Snapshot v1, https://goo.gl/fbAQLP

exports[`<Wrapper /> should render correctly 1`] = `
<Wrapper>
  <Provider
    store={
      Object {
        "dispatch": [Function],
        "getState": [Function],
        "replaceReducer": [Function],
        "subscribe": [Function],
        Symbol(observable): [Function],
      }
    }
  >
    <div />
  </Provider>
</Wrapper>
`;
